xrun(64): 23.09-s013: (c) Copyright 1995-2024 Cadence Design Systems, Inc.
TOOL:	xrun(64)	23.09-s013: Started on Jul 03, 2026 at 13:11:07 UTC
xrun
	-access +rwc
	-sv
	/project/tsmc65/shared/k5_share/k5_xbox/hw/xbox/xbox_def_pkg.sv
	hw/xlrs/LayerNorm/zp.sv
	hw/xlrs/LayerNorm/tb_zp.sv
	-top tb_zp
SOFTINCLUDE $XPEDION/aa/cds.lib
|
xrun: *W,DLCVAR (/tools/rubyeda/RubySKILL/r20260616.1/cds.site.lib,25): cds.lib Invalid environment variable ''.
SOFTINCLUDE $EMXHOME/emxinterface/cds.lib
|
xrun: *W,DLCVAR (/tools/rubyeda/RubySKILL/r20260616.1/cds.site.lib,27): cds.lib Invalid environment variable ''.
SOFTINCLUDE $XPEDION/aa/cds.lib
|
xrun: *W,DLCVAR (/tools/rubyeda/RubySKILL/r20260616.1/cds.site.lib,25): cds.lib Invalid environment variable ''.
SOFTINCLUDE $EMXHOME/emxinterface/cds.lib
|
xrun: *W,DLCVAR (/tools/rubyeda/RubySKILL/r20260616.1/cds.site.lib,27): cds.lib Invalid environment variable ''.
SOFTINCLUDE $XPEDION/aa/cds.lib
|
xrun: *W,DLCVAR (/tools/rubyeda/RubySKILL/r20260616.1/cds.site.lib,25): cds.lib Invalid environment variable ''.
SOFTINCLUDE $EMXHOME/emxinterface/cds.lib
|
xrun: *W,DLCVAR (/tools/rubyeda/RubySKILL/r20260616.1/cds.site.lib,27): cds.lib Invalid environment variable ''.
SOFTINCLUDE $XPEDION/aa/cds.lib
|
xrun: *W,DLCVAR (/tools/rubyeda/RubySKILL/r20260616.1/cds.site.lib,25): cds.lib Invalid environment variable ''.
SOFTINCLUDE $EMXHOME/emxinterface/cds.lib
|
xrun: *W,DLCVAR (/tools/rubyeda/RubySKILL/r20260616.1/cds.site.lib,27): cds.lib Invalid environment variable ''.
SOFTINCLUDE $XPEDION/aa/cds.lib
|
xmvlog: *W,DLCVAR (/tools/rubyeda/RubySKILL/r20260616.1/cds.site.lib,25): cds.lib Invalid environment variable ''.
SOFTINCLUDE $EMXHOME/emxinterface/cds.lib
|
xmvlog: *W,DLCVAR (/tools/rubyeda/RubySKILL/r20260616.1/cds.site.lib,27): cds.lib Invalid environment variable ''.
file: hw/xlrs/LayerNorm/zp.sv
	module worklib.zp_stage:sv
		errors: 0, warnings: 0
file: hw/xlrs/LayerNorm/tb_zp.sv
	module worklib.tb_zp:sv
		errors: 0, warnings: 0
	Total errors/warnings found outside modules and primitives:
		errors: 0, warnings: 2
SOFTINCLUDE $XPEDION/aa/cds.lib
|
xrun: *W,DLCVAR (/tools/rubyeda/RubySKILL/r20260616.1/cds.site.lib,25): cds.lib Invalid environment variable ''.
SOFTINCLUDE $EMXHOME/emxinterface/cds.lib
|
xrun: *W,DLCVAR (/tools/rubyeda/RubySKILL/r20260616.1/cds.site.lib,27): cds.lib Invalid environment variable ''.
SOFTINCLUDE $XPEDION/aa/cds.lib
|
xrun: *W,DLCVAR (/tools/rubyeda/RubySKILL/r20260616.1/cds.site.lib,25): cds.lib Invalid environment variable ''.
SOFTINCLUDE $EMXHOME/emxinterface/cds.lib
|
xrun: *W,DLCVAR (/tools/rubyeda/RubySKILL/r20260616.1/cds.site.lib,27): cds.lib Invalid environment variable ''.
SOFTINCLUDE $XPEDION/aa/cds.lib
|
xmelab: *W,DLCVAR (/tools/rubyeda/RubySKILL/r20260616.1/cds.site.lib,25): cds.lib Invalid environment variable ''.
SOFTINCLUDE $EMXHOME/emxinterface/cds.lib
|
xmelab: *W,DLCVAR (/tools/rubyeda/RubySKILL/r20260616.1/cds.site.lib,27): cds.lib Invalid environment variable ''.
	Elaborating the design hierarchy:
		Caching library 'worklib' ....... Done
	Top level design units:
		xbox_def_pkg
		$unit_0x6f2aeb01
		tb_zp
	Building instance overlay tables: .................... Done
	Generating native compiled code:
SOFTINCLUDE $XPEDION/aa/cds.lib
|
xmvlog_cg: *W,DLCVAR (/tools/rubyeda/RubySKILL/r20260616.1/cds.site.lib,25): cds.lib Invalid environment variable ''.
SOFTINCLUDE $EMXHOME/emxinterface/cds.lib
|
xmvlog_cg: *W,DLCVAR (/tools/rubyeda/RubySKILL/r20260616.1/cds.site.lib,27): cds.lib Invalid environment variable ''.
		worklib.zp_stage:sv <0x0b21fe00>
			streams:  11, words:  5151
		worklib.tb_zp:sv <0x206c914e>
			streams:  24, words: 25967
		worklib.xbox_def_pkg:sv <0x7754c169>
			streams:   0, words:     0
	Building instance specific data structures.
	Loading native compiled code:     .................... Done
	Design hierarchy summary:
		              Instances  Unique
		Modules:              2       2
		Verilog packages:     1       1
		Registers:           44      44
		Scalar wires:         9       -
		Vectored wires:      15       -
		Always blocks:        5       5
		Initial blocks:       1       1
		Cont. assignments:    4       4
		Pseudo assignments:  13       -
		Compilation units:    1       1
		Process Clocks:       2       1
	Writing initial simulation snapshot: worklib.tb_zp:sv
SOFTINCLUDE $XPEDION/aa/cds.lib
|
xmsim: *W,DLCVAR (/tools/rubyeda/RubySKILL/r20260616.1/cds.site.lib,25): cds.lib Invalid environment variable ''.
SOFTINCLUDE $EMXHOME/emxinterface/cds.lib
|
xmsim: *W,DLCVAR (/tools/rubyeda/RubySKILL/r20260616.1/cds.site.lib,27): cds.lib Invalid environment variable ''.
Loading snapshot worklib.tb_zp:sv .................... Done
xcelium> source /tools/cadence/XCELIUM/23.09.013/tools/xcelium/files/xmsimrc
xcelium> run
[TEST  0] PASS  global_zp=128  gamma_zp=-2  beta_zp=146
[TEST  1] PASS  global_zp=0  gamma_zp=0  beta_zp=0
[TEST  2] PASS  global_zp=255  gamma_zp=127  beta_zp=255
[TEST  3] PASS  global_zp=1  gamma_zp=-1  beta_zp=1
[TEST  4] PASS  global_zp=200  gamma_zp=-128  beta_zp=100
[TEST  5] PASS  global_zp=64  gamma_zp=64  beta_zp=64
[TEST  6] PASS  global_zp=128  gamma_zp=-2  beta_zp=146
[TEST  7] PASS  global_zp=32767  gamma_zp=32767  beta_zp=32767
[TEST  8] PASS  global_zp=-32768  gamma_zp=-32768  beta_zp=-32768
[TEST  9] PASS  global_zp=100  gamma_zp=-50  beta_zp=200
[TEST 10] PASS  global_zp=16  gamma_zp=-16  beta_zp=32
[TEST 11] PASS  global_zp=255  gamma_zp=255  beta_zp=255
[TEST 12] PASS  global_zp=128  gamma_zp=-2  beta_zp=146
[TEST 13] PASS  global_zp=255  gamma_zp=-128  beta_zp=0
[TEST 14] PASS  global_zp=42  gamma_zp=-7  beta_zp=99

=== ZP Testbench: 15/15 PASS ===
ALL 15 TESTS PASSED
Simulation complete via $finish(1) at time 1405 NS + 0
./hw/xlrs/LayerNorm/tb_zp.sv:190     $finish;
xcelium> exit
TOOL:	xrun(64)	23.09-s013: Exiting on Jul 03, 2026 at 13:11:10 UTC  (total: 00:00:03)
