xrun(64): 23.09-s013: (c) Copyright 1995-2024 Cadence Design Systems, Inc.
TOOL:	xrun(64)	23.09-s013: Started on Apr 03, 2026 at 13:44:02 UTC
xrun
	-sv
	-f $K5_XBOX_ENV/tb/k5_xbox_tb_irun.f
		-sv
		-nowarn DLCVAR:NCEXDEP:DSEM2009:DSEMEL:MTDYNUSE
		+INCDIR+/project/tsmc65/shared/k5_share/kuntz5/src/common
		-f /project/tsmc65/shared/k5_share/k5_xbox/hw/xbox/xbox.f
			/project/tsmc65/shared/k5_share/k5_xbox/hw/xbox/xbox_def_pkg.sv
			/project/tsmc65/shared/k5_share/k5_xbox/hw/xbox/xbox.sv
			/project/tsmc65/shared/k5_share/k5_xbox/hw/xbox/xmem_spram.sv
			/project/tsmc65/shared/k5_share/k5_xbox/hw/xbox/xbox_mfarm.sv
			/project/tsmc65/shared/k5_share/k5_xbox/hw/xbox/xbox_xlr_wrap.sv
			-f /project/tsmc65/shared/k5_share/k5_xbox/hw/xbox/xbox_xlrs/xbox_xlrs.f
				-f /project/tsmc65/shared/k5_share/k5_xbox/hw/xbox/xbox_xlrs/mem/mem.f
					/project/tsmc65/shared/k5_share/k5_xbox/hw/xbox/xbox_xlrs/mem/mem_intf_pkg.sv
					/project/tsmc65/shared/k5_share/k5_xbox/hw/xbox/xbox_xlrs/mem/mannix_mem_farm.sv
					/project/tsmc65/shared/k5_share/k5_xbox/hw/xbox/xbox_xlrs/mem/mannix_mem_ifc.sv
					/project/tsmc65/shared/k5_share/k5_xbox/hw/xbox/xbox_xlrs/mem/mem_align.sv
					/project/tsmc65/shared/k5_share/k5_xbox/hw/xbox/xbox_xlrs/mem/mem_arbiter.sv
					/project/tsmc65/shared/k5_share/k5_xbox/hw/xbox/xbox_xlrs/mem/mem_ctrl.sv
					/project/tsmc65/shared/k5_share/k5_xbox/hw/xbox/xbox_xlrs/mem/mem_fabric.sv
					/project/tsmc65/shared/k5_share/k5_xbox/hw/xbox/xbox_xlrs/mem/mem_intf_arbiter.sv
					/project/tsmc65/shared/k5_share/k5_xbox/hw/xbox/xbox_xlrs/mem/mem_intf_read.sv
					/project/tsmc65/shared/k5_share/k5_xbox/hw/xbox/xbox_xlrs/mem/mem_intf_write.sv
					/project/tsmc65/shared/k5_share/k5_xbox/hw/xbox/xbox_xlrs/mem/mem_req_ctrl.sv
					/project/tsmc65/shared/k5_share/k5_xbox/hw/xbox/xbox_xlrs/mem/mem_sram.sv
				-f /data/project/tsmc65/users/steinse/ws/my_k5_proj/hw/xlrs/xmemcpy_ref/xmemcpy_ref.f
					/data/project/tsmc65/users/steinse/ws/my_k5_proj/hw/xlrs/xmemcpy_ref/xmemcpy_ref.sv
			-f /project/tsmc65/shared/k5_share/k5_xbox/fpga/xbox_altera_mems/xbox_altera_mems.f
				/project/tsmc65/shared/k5_share/k5_xbox/fpga/xbox_altera_mems/altera_mf.v
				/project/tsmc65/shared/k5_share/k5_xbox/fpga/xbox_altera_mems/altera_sp_ram_1024x256_be.v
		-f /project/tsmc65/shared/k5_share/kuntz5/src/tb/k5_tb_cmn.f
			+define+tsmc65
			-timescale 1ns/1ps
			/project/tsmc65/shared/k5_share/kuntz5/fpga/src/seg7_art/seg7_art_pkg.sv
			-f /project/tsmc65/shared/k5_share/kuntz5/src/sys/k5_sys.f
				/project/tsmc65/shared/k5_share/kuntz5/src/common/k5_pkg.sv
				/project/tsmc65/shared/k5_share/kuntz5/src/uart_access/k5_smart_uart_pkg.sv
				-f /project/tsmc65/shared/k5_share/kuntz5/src/core/k5_core.f
					/project/tsmc65/shared/k5_share/kuntz5/src/core/k5_dx_comb.sv
					/project/tsmc65/shared/k5_share/kuntz5/src/core/k5_dx.sv
					/project/tsmc65/shared/k5_share/kuntz5/src/core/k5_core.sv
					/project/tsmc65/shared/k5_share/kuntz5/src/mul/rtl/mul_base.sv
					/project/tsmc65/shared/k5_share/kuntz5/src/mul/rtl/mul_final.sv
				/project/tsmc65/shared/k5_share/kuntz5/mems/sim_pseudo_mems/sp_ram_be_simple.sv
				/project/tsmc65/shared/k5_share/kuntz5/mems/sim_pseudo_mems/dp_ram_simple.sv
				/project/tsmc65/shared/k5_share/kuntz5/src/sys/k5_spram.sv
				/project/tsmc65/shared/k5_share/kuntz5/src/sys/k5_dpram.sv
				/project/tsmc65/shared/k5_share/kuntz5/src/sys/k5_tcm.sv
				/project/tsmc65/shared/k5_share/kuntz5/src/sys/k5_rmem.sv
				/project/tsmc65/shared/k5_share/kuntz5/src/sys/k5_confmem.sv
				/project/tsmc65/shared/k5_share/kuntz5/src/sys/k5_pcmem.sv
				/project/tsmc65/shared/k5_share/kuntz5/src/sys/k5_sch.sv
				/project/tsmc65/shared/k5_share/kuntz5/src/sys/k5_sys.sv
				/project/tsmc65/shared/k5_share/kuntz5/src/sys/k5_sys_access.sv
				/project/tsmc65/shared/k5_share/kuntz5/src/sys/k5_sys_regs_mem_access.sv
				/project/tsmc65/shared/k5_share/kuntz5/src/sys/k5_com.sv
				-f /project/tsmc65/shared/k5_share/kuntz5/src/uart_access/k5_uart_access.f
					/project/tsmc65/shared/k5_share/kuntz5/src/uart_access/k5_remote_access_intrfc.sv
					/project/tsmc65/shared/k5_share/kuntz5/src/uart_access/k5_uart_access.sv
					/project/tsmc65/shared/k5_share/kuntz5/src/uart_access/k5_uart_rx.sv
					/project/tsmc65/shared/k5_share/kuntz5/src/uart_access/k5_uart_tx.sv
			/project/tsmc65/shared/k5_share/kuntz5/src/tb/sock.c
			/project/tsmc65/shared/k5_share/kuntz5/src/tb/sock.sv
			/project/tsmc65/shared/k5_share/kuntz5/src/tb/k5_tb_tasks_pkg.sv
			/project/tsmc65/shared/k5_share/kuntz5/src/tb/k5_uart_tb.sv
			/project/tsmc65/shared/k5_share/kuntz5/src/tb/k5_tracer.sv
			/project/tsmc65/shared/k5_share/kuntz5/src/tb/k5_tb.sv
		/project/tsmc65/shared/k5_share/k5_xbox/hw/k5_xbox_sys.sv
		-top k5_tb
	-UNBUFFERED
	-delay_trigger
	+define+XMEM_INTRFC
	+define+MAX10_FPGA
	+define+CRNT_XLR=xmemcpy_ref
Recompiling... reason: file '../hw/xlrs/xmemcpy_ref/xmemcpy_ref.sv' is newer than expected.
	expected: Wed Apr  1 11:23:35 2026
	actual:   Fri Apr  3 13:43:55 2026
	Elaborating the design hierarchy:
		Caching library 'worklib' ....... Done
	Top level design units:
		xbox_def_pkg
		mem_intf_pkg
		k5_pkg
		seg7_art_pkg
		k5_smart_uart_pkg
		sock
		k5_tb_tasks_pkg
		$unit_0x08bb8228
		k5_tb
	Building instance overlay tables: .................... Done
	Building instance specific data structures.
	Loading native compiled code:     .................... Done
	Design hierarchy summary:
		                 Instances  Unique
		Modules:                60      33
		Interfaces:              4       4
		Verilog packages:        7       7
		Registers:             925     761
		Scalar wires:          363       -
		Vectored wires:        594       -
		Always blocks:         159     103
		Initial blocks:          8       8
		Cont. assignments:     443     347
		Pseudo assignments:    233       -
		Compilation units:       1       1
		Process Clocks:         92       4
		Simulation timescale:  1ps
	Writing initial simulation snapshot: worklib.k5_tb:sv
Loading snapshot worklib.k5_tb:sv .................... Done
xcelium> source /tools/cadence/XCELIUM/23.09.013/tools/xcelium/files/xmsimrc
xcelium> run


 uart_tb.sv: UART TB INFO: DFLT_BAUDRATE = 115200     , CLK_DIV_CNTR =867       
Waiting for server connection
uart_tb.sv: PY: Hello from Python, got your message: Hello from System-Verilog!
uart_tb.sv: Remote Python changed UART clk_div_cntr value to     4 (decimal)
uart_tb.sv: Remote Python changed UART ns_per_bit_actual from 8680.000000 to 50.000000 


 4171574035ns uart_tb.sv: Detected remote quit command. Quitting 


Simulation complete via $finish(1) at time 4171574035 NS + 1
/project/tsmc65/shared/k5_share/kuntz5/src/tb/k5_uart_tb.sv:305                                     $finish ;
xcelium> exit
TOOL:	xrun(64)	23.09-s013: Exiting on Apr 03, 2026 at 13:57:11 UTC  (total: 00:13:09)
