Flow report for LayerNorm
Thu Jul  9 18:08:12 2026
Quartus Prime Version 24.1std.0 Build 1077 03/04/2025 SC Lite Edition


---------------------
; Table of Contents ;
---------------------
  1. Legal Notice
  2. Flow Summary
  3. Flow Settings
  4. Flow Non-Default Global Settings
  5. Flow Elapsed Time
  6. Flow OS Summary
  7. Flow Log
  8. Flow Messages
  9. Flow Suppressed Messages



----------------
; Legal Notice ;
----------------
Copyright (C) 2025  Altera Corporation. All rights reserved.
Your use of Altera Corporation's design tools, logic functions 
and other software and tools, and any partner logic 
functions, and any output files from any of the foregoing 
(including device programming or simulation files), and any 
associated documentation or information are expressly subject 
to the terms and conditions of the Altera Program License 
Subscription Agreement, the Altera Quartus Prime License Agreement,
the Altera IP License Agreement, or other applicable license
agreement, including, without limitation, that your use is for
the sole purpose of programming logic devices manufactured by
Altera and sold by Altera or its authorized distributors.  Please
refer to the Altera Software License Subscription Agreements 
on the Quartus Prime software download page.



+--------------------------------------------------------------------------------------+
; Flow Summary                                                                         ;
+------------------------------------+-------------------------------------------------+
; Flow Status                        ; Successful - Thu Jul  9 18:07:56 2026           ;
; Quartus Prime Version              ; 24.1std.0 Build 1077 03/04/2025 SC Lite Edition ;
; Revision Name                      ; LayerNorm                                       ;
; Top-level Entity Name              ; qsyn_dummy_xlr_wrap                             ;
; Family                             ; MAX 10                                          ;
; Device                             ; 10M50DAF484C7G                                  ;
; Timing Models                      ; Final                                           ;
; Total logic elements               ; 4,769 / 49,760 ( 10 % )                         ;
;     Total combinational functions  ; 3,723 / 49,760 ( 7 % )                          ;
;     Dedicated logic registers      ; 2,723 / 49,760 ( 5 % )                          ;
; Total registers                    ; 2723                                            ;
; Total pins                         ; 120 / 360 ( 33 % )                              ;
; Total virtual pins                 ; 0                                               ;
; Total memory bits                  ; 96 / 1,677,312 ( < 1 % )                        ;
; Embedded Multiplier 9-bit elements ; 34 / 288 ( 12 % )                               ;
; Total PLLs                         ; 0 / 4 ( 0 % )                                   ;
; UFM blocks                         ; 0 / 1 ( 0 % )                                   ;
; ADC blocks                         ; 0 / 2 ( 0 % )                                   ;
+------------------------------------+-------------------------------------------------+


+-----------------------------------------+
; Flow Settings                           ;
+-------------------+---------------------+
; Option            ; Setting             ;
+-------------------+---------------------+
; Start date & time ; 07/09/2026 18:06:24 ;
; Main task         ; Compilation         ;
; Revision Name     ; LayerNorm           ;
+-------------------+---------------------+


+-----------------------------------------------------------------------------------------------------------------------+
; Flow Non-Default Global Settings                                                                                      ;
+--------------------------+-------------------------------------------------+---------------+-------------+------------+
; Assignment Name          ; Value                                           ; Default Value ; Entity Name ; Section Id ;
+--------------------------+-------------------------------------------------+---------------+-------------+------------+
; COMPILER_SIGNATURE_ID    ; 7630931879439.178362038452826                   ; --            ; --          ; --         ;
; NUM_PARALLEL_PROCESSORS  ; 1                                               ; --            ; --          ; --         ;
; PROJECT_OUTPUT_DIRECTORY ; qsyn_output_files                               ; --            ; --          ; --         ;
; SEARCH_PATH              ; /project/tsmc65/shared/k5_share/k5_xbox/hw/xbox ; --            ; --          ; --         ;
; TOP_LEVEL_ENTITY         ; qsyn_dummy_xlr_wrap                             ; LayerNorm     ; --          ; --         ;
; VERILOG_MACRO            ; CRNT_XLR=LayerNorm                              ; --            ; --          ; --         ;
+--------------------------+-------------------------------------------------+---------------+-------------+------------+


+--------------------------------------------------------------------------------------------------------------------------+
; Flow Elapsed Time                                                                                                        ;
+----------------------+--------------+-------------------------+---------------------+------------------------------------+
; Module Name          ; Elapsed Time ; Average Processors Used ; Peak Virtual Memory ; Total CPU Time (on all processors) ;
+----------------------+--------------+-------------------------+---------------------+------------------------------------+
; Analysis & Synthesis ; 00:00:23     ; 1.0                     ; 658 MB              ; 00:00:23                           ;
; Fitter               ; 00:01:08     ; 1.0                     ; 1018 MB             ; 00:01:07                           ;
; Timing Analyzer      ; 00:00:14     ; 1.0                     ; 797 MB              ; 00:00:13                           ;
; Total                ; 00:01:45     ; --                      ; --                  ; 00:01:43                           ;
+----------------------+--------------+-------------------------+---------------------+------------------------------------+


+-------------------------------------------------------------------------------------------------------------------+
; Flow OS Summary                                                                                                   ;
+----------------------+------------------------------------------------+-------------+------------+----------------+
; Module Name          ; Machine Hostname                               ; OS Name     ; OS Version ; Processor type ;
+----------------------+------------------------------------------------+-------------+------------+----------------+
; Analysis & Synthesis ; ip-10-70-143-176.il-central-1.compute.internal ; Rocky Linux ; 8          ; x86_64         ;
; Fitter               ; ip-10-70-143-176.il-central-1.compute.internal ; Rocky Linux ; 8          ; x86_64         ;
; Timing Analyzer      ; ip-10-70-143-176.il-central-1.compute.internal ; Rocky Linux ; 8          ; x86_64         ;
+----------------------+------------------------------------------------+-------------+------------+----------------+


------------
; Flow Log ;
------------
quartus_map --read_settings_files=on --write_settings_files=off LayerNorm -c LayerNorm
quartus_fit --read_settings_files=on --write_settings_files=off LayerNorm -c LayerNorm
quartus_sta LayerNorm -c LayerNorm



